// 重构日志: cdad4f7d
// 重构日志: b35cc07c
// 重构日志: d1c05385
// 重构日志: 59a62f77
// 同步 ID: c9081da8 @ Sun Jul 19 11:55:23 UTC 2026
// 同步 ID: 1a467b80 @ Sun Jul 19 16:28:26 UTC 2026
// 重构日志: 1875b888
// 重构日志: 73de9773
// 重构日志: b55244c2
// 同步 ID: 3a5ef053 @ Fri Jul 24 13:53:49 UTC 2026
// 同步 ID: 2e64b1b1 @ Fri Jul 24 22:40:46 UTC 2026
// 同步 ID: 556eba60 @ Sun Jul 26 00:35:33 UTC 2026
// 重构日志: fb0c4fef
// 重构日志: c85dc896
// 同步 ID: 97bd66c3 @ Thu Jul 30 00:50:54 UTC 2026
// 重构日志: 75417217
// 重构日志: d7e79f6f
// 重构日志: fd7aad9a
// 重构日志: 376fb452
// 同步 ID: 8be0a48d @ Fri Aug  7 11:23:36 UTC 2026
// 重构日志: 9c9df06f
// 重构日志: 2bf9ba26
// 同步 ID: 4695df13 @ Sat Aug  8 08:10:34 UTC 2026
// 同步 ID: 94da144f @ Sat Aug  8 14:24:43 UTC 2026
// 重构日志: 130a57a9
